   hash10['apple']='0'      hash10['february']='15'  hash10['manzana']='9'
   hash10['april']='17'     hash10['fox']='5'        hash10['march']='16'
   hash10['august']='21'    hash10['giraffe']='6'    hash10['may']='18'
   hash10['banana']='1'     hash10['hawk']='7'       hash10['milk']='10'
   hash10['cherry']='2'     hash10['indigo']='8'     hash10['november']='11'
   hash10['december']='13'  hash10['january']='14'   hash10['october']='12'
   hash10['dog']='3'        hash10['july']='20'
   hash10['elephant']='4'   hash10['june']='19'
